// Vitest Snapshot v1, https://vitest.dev/guide/snapshot.html

exports[`compress - jq > compact (-c) document stream - one record per line, so the cap still applies 1`] = `
"{"id":1,"name":"item-1","active":true}
{"id":2,"name":"item-2","active":true}
{"id":3,"name":"item-3","active":true}
{"id":4,"name":"item-4","active":true}
{"id":5,"name":"item-5","active":true}
{"id":6,"name":"item-6","active":true}
{"id":7,"name":"item-7","active":true}
{"id":8,"name":"item-8","active":true}
{"id":9,"name":"item-9","active":true}
{"id":10,"name":"item-10","active":true}
{"id":11,"name":"item-11","active":true}
{"id":12,"name":"item-12","active":true}
{"id":13,"name":"item-13","active":true}
{"id":14,"name":"item-14","active":true}
{"id":15,"name":"item-15","active":true}
{"id":16,"name":"item-16","active":true}
{"id":17,"name":"item-17","active":true}
{"id":18,"name":"item-18","active":true}
{"id":19,"name":"item-19","active":true}
{"id":20,"name":"item-20","active":true}
{"id":21,"name":"item-21","active":true}
{"id":22,"name":"item-22","active":true}
{"id":23,"name":"item-23","active":true}
{"id":24,"name":"item-24","active":true}
{"id":25,"name":"item-25","active":true}
{"id":26,"name":"item-26","active":true}
{"id":27,"name":"item-27","active":true}
{"id":28,"name":"item-28","active":true}
{"id":29,"name":"item-29","active":true}
{"id":30,"name":"item-30","active":true}
{"id":31,"name":"item-31","active":true}
{"id":32,"name":"item-32","active":true}
{"id":33,"name":"item-33","active":true}
{"id":34,"name":"item-34","active":true}
{"id":35,"name":"item-35","active":true}
{"id":36,"name":"item-36","active":true}
{"id":37,"name":"item-37","active":true}
{"id":38,"name":"item-38","active":true}
{"id":39,"name":"item-39","active":true}
{"id":40,"name":"item-40","active":true}
{"id":52,"name":"item-52","active":true}
{"id":53,"name":"item-53","active":true}
{"id":54,"name":"item-54","active":true}
{"id":55,"name":"item-55","active":true}
{"id":56,"name":"item-56","active":true}
{"id":57,"name":"item-57","active":true}
{"id":58,"name":"item-58","active":true}
{"id":59,"name":"item-59","active":true}
{"id":60,"name":"item-60","active":true}"
`;

exports[`compress - jq > default multi-document stream (jq '.[]') - never cut mid-document, so the stream still parses 1`] = `
"{
  "id": 1,
  "name": "item-1",
  "active": true
}
{
  "id": 2,
  "name": "item-2",
  "active": true
}
{
  "id": 3,
  "name": "item-3",
  "active": true
}
{
  "id": 4,
  "name": "item-4",
  "active": true
}
{
  "id": 5,
  "name": "item-5",
  "active": true
}
{
  "id": 6,
  "name": "item-6",
  "active": true
}
{
  "id": 7,
  "name": "item-7",
  "active": true
}
{
  "id": 8,
  "name": "item-8",
  "active": true
}
{
  "id": 9,
  "name": "item-9",
  "active": true
}
{
  "id": 10,
  "name": "item-10",
  "active": true
}
{
  "id": 11,
  "name": "item-11",
  "active": true
}
{
  "id": 12,
  "name": "item-12",
  "active": true
}"
`;

exports[`compress - jq > empty output - nothing to compress, returns empty 1`] = `""`;

exports[`compress - jq > large array of objects - previews first 5 items behind a schema header 1`] = `
"[12 items  schema: {id, name, email, role, active}]
[
  {
    "id": 1,
    "name": "Alice Johnson",
    "email": "alice@example.com",
    "role": "admin",
    "active": false
  },
  {
    "id": 2,
    "name": "Bob Smith",
    "email": "bob@example.com",
    "role": "member",
    "active": true
  },
  {
    "id": 3,
    "name": "Carol White",
    "email": "carol@example.com",
    "role": "member",
    "active": true
  },
  {
    "id": 4,
    "name": "David Brown",
    "email": "david@example.com",
    "role": "member",
    "active": false
  },
  {
    "id": 5,
    "name": "Eve Davis",
    "email": "eve@example.com",
    "role": "member",
    "active": true
  }
]
... +7 more items"
`;

exports[`compress - jq > large array of scalars - previews first 5 with a count but no schema 1`] = `
"[30 items]
[
  "tag-01",
  "tag-02",
  "tag-03",
  "tag-04",
  "tag-05"
]
... +25 more items"
`;

exports[`compress - jq > large object - over 20 keys, previews first 20 and counts the rest 1`] = `
"{30 keys}
{
  "host": "0.0.0.0",
  "port": 8080,
  "workers": 4,
  "timeout_ms": 30000,
  "max_connections": 1000,
  "keepalive": true,
  "tls_enabled": true,
  "tls_cert": "/etc/ssl/cert.pem",
  "tls_key": "/etc/ssl/key.pem",
  "log_level": "info",
  "log_format": "json",
  "metrics_enabled": true,
  "metrics_port": 9090,
  "db_host": "db.internal",
  "db_port": 5432,
  "db_name": "app",
  "db_pool_min": 2,
  "db_pool_max": 10,
  "cache_ttl": 300,
  "cache_backend": "redis"
}
... +10 more keys"
`;

exports[`compress - jq > raw (-r) non-JSON output - capped to real values only, elision disclosed out of band 1`] = `
"user01@example.com
user02@example.com
user03@example.com
user04@example.com
user05@example.com
user06@example.com
user07@example.com
user08@example.com
user09@example.com
user10@example.com
user11@example.com
user12@example.com
user13@example.com
user14@example.com
user15@example.com
user16@example.com
user17@example.com
user18@example.com
user19@example.com
user20@example.com
user21@example.com
user22@example.com
user23@example.com
user24@example.com
user25@example.com
user26@example.com
user27@example.com
user28@example.com
user29@example.com
user30@example.com
user31@example.com
user32@example.com
user33@example.com
user34@example.com
user35@example.com
user36@example.com
user37@example.com
user38@example.com
user39@example.com
user40@example.com
user71@example.com
user72@example.com
user73@example.com
user74@example.com
user75@example.com
user76@example.com
user77@example.com
user78@example.com
user79@example.com
user80@example.com"
`;

exports[`compress - jq > scalar result - a single value passes through untouched 1`] = `"1234"`;

exports[`compress - jq > small object - under 20 lines, passes through with every key intact 1`] = `
"{
  "id": 42,
  "name": "widget",
  "price": 9.99,
  "in_stock": true,
  "tags": [
    "a",
    "b"
  ],
  "sku": "WID-042"
}"
`;
