// Vitest Snapshot v1, https://vitest.dev/guide/snapshot.html

exports[`compress - system > find - a list over the cap keeps head and tail, and only real paths 1`] = `
"./pkg/dir0/file0.ts
./pkg/dir0/file1.ts
./pkg/dir0/file2.ts
./pkg/dir0/file3.ts
./pkg/dir0/file4.ts
./pkg/dir0/file5.ts
./pkg/dir1/file0.ts
./pkg/dir1/file1.ts
./pkg/dir1/file2.ts
./pkg/dir1/file3.ts
./pkg/dir1/file4.ts
./pkg/dir1/file5.ts
./pkg/dir2/file0.ts
./pkg/dir2/file1.ts
./pkg/dir2/file2.ts
./pkg/dir2/file3.ts
./pkg/dir2/file4.ts
./pkg/dir2/file5.ts
./pkg/dir3/file0.ts
./pkg/dir3/file1.ts
./pkg/dir3/file2.ts
./pkg/dir3/file3.ts
./pkg/dir3/file4.ts
./pkg/dir3/file5.ts
./pkg/dir4/file0.ts
./pkg/dir4/file1.ts
./pkg/dir4/file2.ts
./pkg/dir4/file3.ts
./pkg/dir4/file4.ts
./pkg/dir4/file5.ts
./pkg/dir5/file0.ts
./pkg/dir5/file1.ts
./pkg/dir5/file2.ts
./pkg/dir5/file3.ts
./pkg/dir5/file4.ts
./pkg/dir5/file5.ts
./pkg/dir6/file0.ts
./pkg/dir6/file1.ts
./pkg/dir6/file2.ts
./pkg/dir6/file3.ts
./pkg/dir6/file4.ts
./pkg/dir6/file5.ts
./pkg/dir7/file0.ts
./pkg/dir7/file1.ts
./pkg/dir7/file2.ts
./pkg/dir7/file3.ts
./pkg/dir7/file4.ts
./pkg/dir7/file5.ts
./pkg/dir8/file0.ts
./pkg/dir8/file1.ts
./pkg/dir8/file2.ts
./pkg/dir8/file3.ts
./pkg/dir8/file4.ts
./pkg/dir8/file5.ts
./pkg/dir9/file0.ts
./pkg/dir9/file1.ts
./pkg/dir9/file2.ts
./pkg/dir9/file3.ts
./pkg/dir9/file4.ts
./pkg/dir9/file5.ts"
`;

exports[`compress - system > find - a list under the cap is returned entirely, in order 1`] = `
"./src/pages/page0.tsx
./src/pages/page1.tsx
./src/pages/page2.tsx
./src/pages/page3.tsx
./src/pages/page4.tsx
./src/pages/page5.tsx
./src/pages/page6.tsx
./src/pages/page7.tsx
./src/pages/page8.tsx
./src/pages/page9.tsx
./src/pages/page10.tsx
./src/pages/page11.tsx"
`;

exports[`compress - system > find - every output line is a path find really printed, so the list stays pipeable 1`] = `
"./packages/web-app/src/components/forms/TextInput.tsx
./packages/web-app/src/components/forms/Checkbox.tsx
./packages/web-app/src/components/forms/RadioGroup.tsx
./packages/web-app/src/components/forms/Select.tsx
./packages/web-app/src/components/forms/DatePicker.tsx
./packages/web-app/src/components/layout/Header.tsx
./packages/web-app/src/components/layout/Sidebar.tsx
./packages/web-app/src/components/layout/Footer.tsx
./packages/web-app/src/hooks/useDebounce.ts
./packages/web-app/src/hooks/usePrevious.ts
./packages/web-app/src/hooks/useMediaQuery.ts
./packages/web-app/src/utils/validation.ts"
`;

exports[`compress - system > find - extension-less results are treated no differently; they are still just paths 1`] = `
"./bin/tool0
./bin/tool1
./bin/tool2
./bin/tool3
./bin/tool4
./bin/tool5
./bin/tool6
./bin/tool7
./bin/tool8
./bin/tool9
./bin/tool10
./bin/tool11"
`;

exports[`compress - system > find - small result set (≤ 10 lines) is below the trigger, passes through untouched 1`] = `
"./src/index.ts
./src/app.ts
./README.md
./package.json"
`;

exports[`compress - system > ls (plain) - a bare name list is not long format; nothing becomes a directory 1`] = `
"docs.md
dist
data.json
src
README.md
deploy.sh"
`;

exports[`compress - system > ls - empty output stays empty 1`] = `""`;

exports[`compress - system > ls - empty output stays empty rather than reporting "0 files, 0 dirs" 1`] = `""`;

exports[`compress - system > ls -l - ISO timestamps (--time-style=long-iso) parse the same way 1`] = `
"1 files, 1 dirs  .ts(1)
alpha.ts (1KB)
beta/"
`;

exports[`compress - system > ls -l - a 4-digit size is not mistaken for the timestamp when finding the name 1`] = `
"3 files, 1 dirs  .txt(1) .ts(1) .md(1)
my report 2024.txt (1KB)
normal.ts (2KB)
small.md (512B)
src/"
`;

exports[`compress - system > ls -l - a non-English locale month still parses; the row is not abandoned 1`] = `
"2 files, 1 dirs  .txt(1) .md(1)
rapport.txt (1KB)
notes.md (2KB)
archives/"
`;

exports[`compress - system > ls -la - caps the body at 50 entries with a "+N more" footer 1`] = `
"60 files, 0 dirs  .ts(60)
mod00.ts (100B)
mod01.ts (101B)
mod02.ts (102B)
mod03.ts (103B)
mod04.ts (104B)
mod05.ts (105B)
mod06.ts (106B)
mod07.ts (107B)
mod08.ts (108B)
mod09.ts (109B)
mod10.ts (110B)
mod11.ts (111B)
mod12.ts (112B)
mod13.ts (113B)
mod14.ts (114B)
mod15.ts (115B)
mod16.ts (116B)
mod17.ts (117B)
mod18.ts (118B)
mod19.ts (119B)
mod20.ts (120B)
mod21.ts (121B)
mod22.ts (122B)
mod23.ts (123B)
mod24.ts (124B)
mod25.ts (125B)
mod26.ts (126B)
mod27.ts (127B)
mod28.ts (128B)
mod29.ts (129B)
mod30.ts (130B)
mod31.ts (131B)
mod32.ts (132B)
mod33.ts (133B)
mod34.ts (134B)
mod35.ts (135B)
mod36.ts (136B)
mod37.ts (137B)
mod38.ts (138B)
mod39.ts (139B)
mod40.ts (140B)
mod41.ts (141B)
mod42.ts (142B)
mod43.ts (143B)
mod44.ts (144B)
mod45.ts (145B)
mod46.ts (146B)
mod47.ts (147B)
mod48.ts (148B)
mod49.ts (149B)
... +10 more"
`;

exports[`compress - system > ls -la - empty directory (only . and ..) has nothing to condense, returns unchanged 1`] = `
"total 0
drwxr-xr-x  2 alice  staff   64 Jul 20 14:02 .
drwxr-xr-x  9 alice  staff  288 Jul 20 13:00 .."
`;

exports[`compress - system > ls -la - every directory ls printed is listed and counted, so "was dist/ built?" gets a true answer 1`] = `
"2 files, 5 dirs  .json(1)
.git/
.gitignore (186B)
dist/
node_modules/
package.json (3KB)
src/
test/"
`;

exports[`compress - system > ls -la - humanizes byte sizes into B / KB / MB bands 1`] = `
"3 files, 0 dirs  .txt(1) .js(1) .mp4(1)
notes.txt (512B)
bundle.js (12KB)
demo.mp4 (2.4MB)"
`;

exports[`compress - system > ls -la - strips perm/owner/date columns, tallies extensions, humanizes sizes 1`] = `
"5 files, 4 dirs  .json(2) .md(1) .ts(1)
.gitignore (214B)
package.json (842B)
tsconfig.json (318B)
README.md (523B)
index.ts (690B)
src/
test/
node_modules/
.git/"
`;

exports[`compress - system > ls -lh - human-readable sizes parse, and are relayed exactly as ls printed them 1`] = `
"4 files, 1 dirs  .md(1) .ts(1) .json(1) .mp4(1)
README.md (1.2K)
index.ts (340B)
src/
package-lock.json (12K)
demo.mp4 (2.4M)"
`;
